test at tests\accessibility-policy.test.cjs:57:1
test at tests\ai-branch-tree-navigation-policy.test.cjs:221:1
test at tests\ai-cache-visualization-policy.test.cjs:42:1
test at tests\ai-chat-fixes-policy.test.cjs:9:1
test at tests\ai-chat-fixes-policy.test.cjs:211:1
test at tests\ai-chat-fixes-policy.test.cjs:267:1
test at tests\ai-chat-fixes-policy.test.cjs:458:1
test at tests\ai-chat-fixes-policy.test.cjs:483:1
test at tests\ai-chat-fixes-policy.test.cjs:742:1
test at tests\ai-chat-fixes-policy.test.cjs:1181:1
test at tests\ai-chat-fixes-policy.test.cjs:1484:1
test at tests\ai-chat-performance-hardening-policy.test.cjs:25:1
test at tests\ai-chat-performance-hardening-policy.test.cjs:60:1
test at tests\ai-chat-performance-hardening-policy.test.cjs:140:1
test at tests\ai-chat-route-loading-policy.test.cjs:86:1
test at tests\ai-chat-route-loading-policy.test.cjs:98:1
test at tests\ai-chat-streaming-runtime-policy.test.cjs:172:1
test at tests\ai-deepseek-native-policy-unit.test.cjs:73:1
test at tests\ai-final-acceptance-policy.test.cjs:86:1
test at tests\ai-final-acceptance-policy.test.cjs:126:1
test at tests\ai-final-acceptance-policy.test.cjs:173:1
test at tests\ai-history-pagination-policy.test.cjs:9:1
test at tests\ai-library-redesign-regression.test.cjs:37:1
test at tests\ai-message-context-menu-policy.test.cjs:23:1
test at tests\ai-message-context-menu-policy.test.cjs:75:1
test at tests\ai-message-context-menu-policy.test.cjs:120:1
test at tests\ai-message-context-menu-policy.test.cjs:133:1
test at tests\ai-message-favorites-policy.test.cjs:107:1
test at tests\ai-message-repository-performance-policy.test.cjs:9:1
test at tests\ai-navigation-policy.test.cjs:30:1
test at tests\ai-navigation-policy.test.cjs:120:1
test at tests\ai-navigation-policy.test.cjs:137:1
test at tests\ai-navigation-policy.test.cjs:190:1
test at tests\ai-navigation-policy.test.cjs:216:1
test at tests\ai-navigation-policy.test.cjs:272:1
test at tests\ai-navigation-policy.test.cjs:304:1
test at tests\ai-navigation-policy.test.cjs:320:1
test at tests\ai-navigation-policy.test.cjs:385:1
test at tests\ai-navigation-policy.test.cjs:401:1
test at tests\ai-navigation-policy.test.cjs:513:1
test at tests\ai-provider-policy.test.cjs:47:1
test at tests\ai-provider-policy.test.cjs:84:1
test at tests\ai-provider-policy.test.cjs:130:1
test at tests\ai-provider-policy.test.cjs:201:1
test at tests\ai-provider-policy.test.cjs:283:1
test at tests\ai-provider-policy.test.cjs:328:1
test at tests\ai-provider-policy.test.cjs:341:1
test at tests\ai-provider-static-disclosure.test.cjs:11:1
test at tests\ai-role-card-import-policy.test.cjs:197:1
test at tests\ai-session-model-policy.test.cjs:49:1
test at tests\ai-thread-history-projection-policy.test.cjs:148:1
test at tests\ai-thread-history-projection-policy.test.cjs:168:1
test at tests\app-startup-performance-policy.test.cjs:52:1
test at tests\asset-duplicate-v1-policy.test.cjs:68:1
test at tests\asset-duplicate-v1-policy.test.cjs:135:1
test at tests\backup-export-ux-policy.test.cjs:12:1
test at tests\companion-artifact-card-actions-policy.test.cjs:37:1
test at tests\companion-artifact-version-schema.test.cjs:31:1
test at tests\current-ux-fixes-policy.test.cjs:12:1
test at tests\current-ux-fixes-policy.test.cjs:23:1
test at tests\current-ux-fixes-policy.test.cjs:31:1
test at tests\current-ux-fixes-policy.test.cjs:96:1
test at tests\current-ux-fixes-policy.test.cjs:138:1
test at tests\current-ux-fixes-policy.test.cjs:148:1
test at tests\current-ux-fixes-policy.test.cjs:254:1
test at tests\diagnostic-extensible-core-policy.test.cjs:19:1
test at tests\diagnostic-extensible-core-policy.test.cjs:39:1
test at tests\diagnostic-runtime-observability-policy.test.cjs:10:1
test at tests\final-personal-system-policy.test.cjs:35:1
test at tests\final-personal-system-policy.test.cjs:69:1
test at tests\final-personal-system-policy.test.cjs:125:1
test at tests\home-library-loading-performance-policy.test.cjs:12:1
test at tests\home-library-loading-performance-policy.test.cjs:27:1
test at tests\journal-achievement-schema-policy.test.cjs:9:1
test at tests\library-list-performance-policy.test.cjs:9:1
test at tests\library-list-performance-repository.test.cjs:93:1
test at tests\library-list-performance-repository.test.cjs:108:1
test at tests\library-list-performance-repository.test.cjs:168:1
test at tests\library-list-performance-repository.test.cjs:222:1
test at tests\main-ui-stabilization-policy.test.cjs:54:1
test at tests\mature-media-experience-policy.test.cjs:21:1
test at tests\media-collection-virtualization-policy.test.cjs:9:1
