
> pixory@1.0.0 web D:\Project\Pixory\pixory
> expo start --web "--port" "19006"

Starting project at D:\Project\Pixory\pixory
Starting Metro Bundler
Waiting on http://localhost:19006
Logs for your project will appear below.
Web .\index.ts ▓▓▓░░░░░░░░░░░░░ 23.6% ( 83/175)
Web Bundling failed 4729ms index.ts (427 modules)
Unable to resolve "fbjs/lib/invariant" from "node_modules\react-native-web\dist\exports\AppRegistry\index.js"
[0m [90m 12 |[39m
 [90m 13 |[39m [36mimport[39m _objectSpread [36mfrom[39m [32m"@babel/runtime/helpers/objectSpread2"[39m[33m;[39m
[31m[1m>[22m[39m[90m 14 |[39m [36mimport[39m invariant [36mfrom[39m [32m'fbjs/lib/invariant'[39m[33m;[39m
 [90m    |[39m                        [31m[1m^[22m[39m
 [90m 15 |[39m [36mimport[39m unmountComponentAtNode [36mfrom[39m [32m'../unmountComponentAtNode'[39m[33m;[39m
 [90m 16 |[39m [36mimport[39m renderApplication[33m,[39m { getApplication [36mas[39m _getApplication } [36mfrom[39m [32m'./renderApplication'[39m[33m;[39m
 [90m 17 |[39m [36mvar[39m emptyObject [33m=[39m {}[33m;[39m[0m

Import stack:

 node_modules\react-native-web\dist\exports\AppRegistry\index.js
 | import "fbjs/lib/invariant"

 node_modules\expo\src\launch\registerRootComponent.tsx
 | import "react-native-web/dist/exports/AppRegistry"

 node_modules\expo\src\Expo.ts
 | import "./launch/registerRootComponent"

 index.ts
 | import "expo"

 
 | import "./index.ts"

Web .\index.ts ░░░░░░░░░░░░░░░░  0.0% (0/1)
Web Bundling failed 188ms index.ts (212 modules)
Unable to resolve "fbjs/lib/invariant" from "node_modules\react-native-web\dist\exports\AppRegistry\index.js"
[0m [90m 12 |[39m
 [90m 13 |[39m [36mimport[39m _objectSpread [36mfrom[39m [32m"@babel/runtime/helpers/objectSpread2"[39m[33m;[39m
[31m[1m>[22m[39m[90m 14 |[39m [36mimport[39m invariant [36mfrom[39m [32m'fbjs/lib/invariant'[39m[33m;[39m
 [90m    |[39m                        [31m[1m^[22m[39m
 [90m 15 |[39m [36mimport[39m unmountComponentAtNode [36mfrom[39m [32m'../unmountComponentAtNode'[39m[33m;[39m
 [90m 16 |[39m [36mimport[39m renderApplication[33m,[39m { getApplication [36mas[39m _getApplication } [36mfrom[39m [32m'./renderApplication'[39m[33m;[39m
 [90m 17 |[39m [36mvar[39m emptyObject [33m=[39m {}[33m;[39m[0m

Import stack:

 node_modules\react-native-web\dist\exports\AppRegistry\index.js
 | import "fbjs/lib/invariant"

 node_modules\expo\src\launch\registerRootComponent.tsx
 | import "react-native-web/dist/exports/AppRegistry"

 node_modules\expo\src\Expo.ts
 | import "./launch/registerRootComponent"

 index.ts
 | import "expo"

 
 | import "./index.ts"

 ELIFECYCLE  Command failed with exit code 7.
